// func crc32sse(a []byte) hash
TEXT ·crc32sse(SB), 7, $0
	// Indendation increased to 1
	MOVQ a+0(FP), R10

	// Still level 1 because last instruction was not a terminator.
	BYTE $0xF2; BYTE $0x41; BYTE $0x0f

	RET // RET is a terminator

// This comment is at level 0, because it is following a terminator

TEXT ·addVV(SB), NOSPLIT, $0
	BR ·addVV_g(SB)

// func subVV(z, x, y []Word) (c Word)
// z[i] = x[i] - y[i] for all i, carrying
TEXT ·subVV(SB), NOSPLIT, $0
	MOVD z_len+8(FP), R7
	MOVD x+24(FP), R8

// func subVV(z, x, y []Word) (c Word)
// z[i] = x[i] - y[i] for all i, carrying
TEXT ·subVV(SB), NOSPLIT, $0
	// func subVV(z, x, y []Word) (c Word)
	MOVD z_len+8(FP), R7
	MOVD x+24(FP), R8
