#include "textflag.h"

TEXT ·FailsFormatting(SB), NOSPLIT, $0
	RET // */

TEXT ·FailsFormatting(SB), NOSPLIT, $0
/*
        RET //*/

TEXT ·FailsFormatting(SB), NOSPLIT, $0
	RET // Some longer comment*/

TEXT ·FailsFormatting(SB), NOSPLIT, $0
/*
        RET // Some longer comment*/

TEXT ·FailsFormatting(SB), NOSPLIT, $0
	/*        RET // */

/*
	TESTL	BX, BX
	JEQ	move_0
	CMPL	BX, $2
	JBE	move_1or2
	CMPL	BX, $4
	JBE	move_3or4
	CMPL	BX, $8
*/
